// Jest Snapshot v1, https://goo.gl/fbAQLP

exports[`Resultados matches snapshot 1`] = `
<div>
  <h1>
    Resultados
  </h1>
  <ul>
    <li>
      De 
      USD
       para 
      BRL
       - Valor: 
      100
       - Resultado: 
      500
    </li>
    <li>
      De 
      EUR
       para 
      JPY
       - Valor: 
      200
       - Resultado: 
      30000
    </li>
  </ul>
</div>
`;
